    edit 183|        set uuid 645105fa-3217-51e6-d587-9f887093ba81|        set srcintf "DC-Inside-5"|        set dstintf "EDN-130"|        set srcaddr "10.21.36.20/32" "10.21.36.10-18"|        set dstaddr "10.32.4.3-10.32.4.4"|        set action accept|        set schedule "always"|        set service "389-UDP" "49152-65535-udp" "88-UDP" "UDP-135"|        set comments "NAR1017187-tshoot"|    next
    edit 1|        set uuid 421a46a4-2890-51e5-98b1-f9d6bcae6176|        set srcintf "DC-Inside-5"|        set dstintf "DC-Outside-100"|        set srcaddr "all"|        set dstaddr "all"|        set action accept|        set schedule "always"|        set service "ALL_ICMP"|        set logtraffic disable|    next
    edit 2|        set uuid 51032e7e-2890-51e5-e021-97b68507f896|        set srcintf "DC-Outside-100"|        set dstintf "DC-Inside-5"|        set srcaddr "all"|        set dstaddr "all"|        set action accept|        set schedule "always"|        set service "ALL_ICMP"|        set logtraffic disable|    next
    edit 3|        set uuid e7d71eae-2896-51e5-d125-427b093fe5a9|        set srcintf "EDN-130"|        set dstintf "DC-Inside-5"|        set srcaddr "all"|        set dstaddr "all"|        set action accept|        set schedule "always"|        set service "ALL_ICMP"|        set logtraffic disable|    next
    edit 8|        set uuid 0285c850-d499-51e5-10cc-d06885368c62|        set srcintf "COMIS-160"|        set dstintf "DC-Inside-5"|        set srcaddr "all"|        set dstaddr "all"|        set action accept|        set schedule "always"|        set service "SSH" "HTTPS" "SNMP"|        set comments "MGMT access by cisco"|    next
    edit 4|        set uuid 03c8c1a8-2897-51e5-49c1-95f746720f0c|        set srcintf "COMIS-160"|        set dstintf "DC-Inside-5"|        set srcaddr "all"|        set dstaddr "all"|        set action accept|        set schedule "always"|        set service "ALL_ICMP"|        set logtraffic disable|    next
    edit 5|        set uuid 659604fe-2897-51e5-e225-06edbcd3f2c8|        set srcintf "DC-Inside-5"|        set dstintf "EDN-130"|        set srcaddr "all"|        set dstaddr "all"|        set action accept|        set schedule "always"|        set service "ALL_ICMP"|        set logtraffic disable|    next
    edit 6|        set uuid 80b978d8-2897-51e5-495b-8add5051e28d|        set srcintf "DC-Inside-5"|        set dstintf "COMIS-160"|        set srcaddr "all"|        set dstaddr "all"|        set action accept|        set schedule "always"|        set service "ALL_ICMP"|        set logtraffic disable|    next
    edit 13|        set uuid 58f45be0-7d53-51e5-5c8f-087354153d87|        set srcintf "EDN-130"|        set dstintf "DC-Outside-100"|        set srcaddr "all"|        set dstaddr "all"|        set action accept|        set schedule "always"|        set service "ALL_ICMP"|        set logtraffic disable|        set comments "testing"|    next
    edit 9|        set uuid 5b895088-d49a-51e5-5f05-55d27d0912de|        set srcintf "EDN-130"|        set dstintf "DC-Inside-5"|        set srcaddr "DNO-MGMT" "it SECURITY DESIGN" "DNS team" "DNS Team2"|        set dstaddr "all"|        set action accept|        set schedule "always"|        set service "HTTPS" "SSH"|    next
    edit 10|        set uuid c64f3066-d49c-51e5-34fd-b018ca2c1cd8|        set srcintf "DC-Inside-5"|        set dstintf "COMIS-160"|        set srcaddr "Inband-MGMT"|        set dstaddr "TAC-ACS1" "TAC-ACS2"|        set action accept|        set schedule "always"|        set service "TACACS"|        set comments "TACACS"|    next
    edit 21|        set uuid 04357fa2-f0f9-51e5-766d-dfea807cd94e|        set srcintf "DC-Inside-5"|        set dstintf "EDN-130"|        set srcaddr "10.23.0.0/21" "10.23.32.0/22"|        set dstaddr "10.32.4.3-10.32.4.4" "10.32.4.6-8" "10.32.4.99/32" "172.20.165.11-12"|        set action accept|        set schedule "always"|        set service "53-UDP" "53-TCP" "123-TCP"|        set comments "NAR1016054"|    next
    edit 28|        set uuid 8d80edcc-f96f-51e5-1b82-4dfe662464b2|        set srcintf "EDN-130"|        set dstintf "DC-Inside-5"|        set srcaddr "EDN-Subnets"|        set dstaddr "10.20.22.0/24"|        set action accept|        set schedule "always"|        set service "HTTPS" "SSH"|        set comments "Requested by Mahmoud RE"|    next
